 ID           2-12426-1604593650375
 Size         17228
 Index        12426
 Term         2
 Version      1

 Type                       Count      Size
 ----                       ----       ----
 KVS                        27         12.3KB
 Register                   5          3.4KB
 Index                      11         285B
 Autopilot                  1          199B
 Session                    1          199B
 CoordinateBatchUpdate      1          166B
 Tombstone                  2          146B
 FederationState            1          139B
 ChunkingState              1          12B
 ----                       ----       ----
 Total                                 16.8KB

 Key Name                                                Count      Size
 ----                                                    ----       ----
 dumb-vault/sys/policy                                        3          3.3KB
 dumb-vault/logical/0989e79e-06cd-5374-c8c0-4c6d675bc1c9      3          1.8KB
 dumb-vault/core/leader                                       1          1.6KB
 dumb-vault/sys/token                                         3          1KB
 dumb-vault/core/mounts                                       1          675B
 dumb-vault/core/wrapping                                     1          633B
 dumb-vault/core/local-mounts                                 1          450B
 dumb-vault/core/auth                                         1          423B
 dumb-vault/core/cluster                                      2          388B
 dumb-vault/core/keyring                                      1          320B
 dumb-vault/core/master                                       1          237B
 dumb-vault/core/seal-config                                  1          211B
 dumb-vault/logical/5c018b68-3573-41d3-0c33-04bce60cd6b0      1          210B
 dumb-vault/core/hsm                                          1          189B
 dumb-vault/core/local-audit                                  1          185B
 dumb-vault/core/local-auth                                   1          183B
 dumb-vault/core/audit                                        1          179B
 dumb-vault/core/lock                                         1          170B
 dumb-vault/core/shamir-kek                                   1          159B
 dumb-vault/sys/counters                                      1          155B
 ----                                                    ----       ----
 Total                                                              12.3KB
